
[1m[46m RUN [49m[22m [36mv4.0.18 [39m[90m/home/dev/Work/myDialysisWebsite[39m

[90mstdout[2m | src/lib/components/forms/body/__tests__/CIDH.test.ts
[22m[39mSchema: ZodObject {
  toJSONSchema: [36m[Function (anonymous)][39m,
  def: { type: [32m'object'[39m, shape: [36m[Getter][39m },
  type: [32m'object'[39m,
  check: [36m[Function (anonymous)][39m,
  with: [36m[Function (anonymous)][39m,
  clone: [36m[Function (anonymous)][39m,
  brand: [36m[Function (anonymous)][39m,
  register: [36m[Function (anonymous)][39m,
  parse: [36m[Function (anonymous)][39m,
  safeParse: [36m[Function (anonymous)][39m,
  parseAsync: [36m[AsyncFunction (anonymous)][39m,
  safeParseAsync: [36m[AsyncFunction (anonymous)][39m,
  spa: [36m[AsyncFunction (anonymous)][39m,
  encode: [36m[Function (anonymous)][39m,
  decode: [36m[Function (anonymous)][39m,
  encodeAsync: [36m[AsyncFunction (anonymous)][39m,
  decodeAsync: [36m[AsyncFunction (anonymous)][39m,
  safeEncode: [36m[Function (anonymous)][39m,
  safeDecode: [36m[Function (anonymous)][39m,
  safeEncodeAsync: [36m[AsyncFunction (anonymous)][39m,
  safeDecodeAsync: [36m[AsyncFunction (anonymous)][39m,
  refine: [36m[Function (anonymous)][39m,
  superRefine: [36m[Function (anonymous)][39m,
  overwrite: [36m[Function (anonymous)][39m,
  optional: [36m[Function (anonymous)][39m,
  exactOptional: [36m[Function (anonymous)][39m,
  nullable: [36m[Function (anonymous)][39m,
  nullish: [36m[Function (anonymous)][39m,
  nonoptional: [36m[Function (anonymous)][39m,
  array: [36m[Function (anonymous)][39m,
  or: [36m[Function (anonymous)][39m,
  and: [36m[Function (anonymous)][39m,
  transform: [36m[Function (anonymous)][39m,
  default: [36m[Function (anonymous)][39m,
  prefault: [36m[Function (anonymous)][39m,
  catch: [36m[Function (anonymous)][39m,
  pipe: [36m[Function (anonymous)][39m,
  readonly: [36m[Function (anonymous)][39m,
  describe: [36m[Function (anonymous)][39m,
  meta: [36m[Function (anonymous)][39m,
  isOptional: [36m[Function (anonymous)][39m,
  isNullable: [36m[Function (anonymous)][39m,
  apply: [36m[Function (anonymous)][39m,
  keyof: [36m[Function (anonymous)][39m,
  catchall: [36m[Function (anonymous)][39m,
  passthrough: [36m[Function (anonymous)][39m,
  loose: [36m[Function (anonymous)][39m,
  strict: [36m[Function (anonymous)][39m,
  strip: [36m[Function (anonymous)][39m,
  extend: [36m[Function (anonymous)][39m,
  safeExtend: [36m[Function (anonymous)][39m,
  merge: [36m[Function (anonymous)][39m,
  pick: [36m[Function (anonymous)][39m,
  omit: [36m[Function (anonymous)][39m,
  partial: [36m[Function (anonymous)][39m,
  required: [36m[Function (anonymous)][39m
}

 [31m❯[39m src/lib/components/forms/body/__tests__/CIDH.test.ts [2m([22m[2m3 tests[22m[2m | [22m[31m3 failed[39m[2m)[22m[32m 51[2mms[22m[39m
[31m     [31m×[31m creates adapter successfully with simple schema[39m[32m 39[2mms[22m[39m
[31m     [31m×[31m creates adapter successfully with form schema[39m[32m 1[2mms[22m[39m
[31m     [31m×[31m renders correctly[39m[32m 11[2mms[22m[39m

[31m⎯⎯⎯⎯⎯⎯⎯[39m[1m[41m Failed Tests 3 [49m[22m[31m⎯⎯⎯⎯⎯⎯⎯[39m

[41m[1m FAIL [22m[49m src/lib/components/forms/body/__tests__/CIDH.test.ts[2m > [22mCIDH Form[2m > [22mcreates adapter successfully with simple schema
[31m[1mAssertionError[22m: expected [Function] to not throw an error but 'Error: No shape could be created for …' was thrown[39m

[32m- Expected:[39m 
undefined

[31m+ Received:[39m 
"Error: No shape could be created for schema."

[36m [2m❯[22m src/lib/components/forms/body/__tests__/CIDH.test.ts:[2m32:45[22m[39m
    [90m 30| [39m        [35mconst[39m { z } [33m=[39m [34mrequire[39m([32m'zod'[39m)[33m;[39m
    [90m 31| [39m        [35mconst[39m simpleSchema [33m=[39m z[33m.[39m[34mobject[39m({ foo[33m:[39m z[33m.[39m[34mstring[39m() })[33m;[39m
    [90m 32| [39m        [34mexpect[39m(() [33m=>[39m [34mzod[39m(simpleSchema))[33m.[39mnot[33m.[39m[34mtoThrow[39m()[33m;[39m
    [90m   | [39m                                            [31m^[39m
    [90m 33| [39m    })[33m;[39m
    [90m 34| [39m

[31m[2m⎯⎯⎯⎯⎯⎯⎯⎯⎯⎯⎯⎯⎯⎯⎯⎯⎯⎯⎯⎯⎯⎯⎯⎯[1/3]⎯[22m[39m

[41m[1m FAIL [22m[49m src/lib/components/forms/body/__tests__/CIDH.test.ts[2m > [22mCIDH Form[2m > [22mcreates adapter successfully with form schema
[31m[1mAssertionError[22m: expected [Function] to not throw an error but 'Error: No shape could be created for …' was thrown[39m

[32m- Expected:[39m 
undefined

[31m+ Received:[39m 
"Error: No shape could be created for schema."

[36m [2m❯[22m src/lib/components/forms/body/__tests__/CIDH.test.ts:[2m37:43[22m[39m
    [90m 35| [39m    [34mit[39m([32m'creates adapter successfully with form schema'[39m[33m,[39m () [33m=>[39m {
    [90m 36| [39m        [35mconst[39m { zod } [33m=[39m [34mrequire[39m([32m'sveltekit-superforms/adapters'[39m)[33m;[39m
    [90m 37| [39m        [34mexpect[39m(() [33m=>[39m [34mzod[39m(cidhSchema))[33m.[39mnot[33m.[39m[34mtoThrow[39m()[33m;[39m
    [90m   | [39m                                          [31m^[39m
    [90m 38| [39m    })[33m;[39m
    [90m 39| [39m

[31m[2m⎯⎯⎯⎯⎯⎯⎯⎯⎯⎯⎯⎯⎯⎯⎯⎯⎯⎯⎯⎯⎯⎯⎯⎯[2/3]⎯[22m[39m

[41m[1m FAIL [22m[49m src/lib/components/forms/body/__tests__/CIDH.test.ts[2m > [22mCIDH Form[2m > [22mrenders correctly
[31m[1mError[22m: No shape could be created for schema.

	in <unknown>
[39m
[36m [2m❯[22m schemaShape node_modules/sveltekit-superforms/dist/jsonSchema/schemaShape.js:[2m7:15[22m[39m
    [90m  5| [39m    [35mconst[39m output [33m=[39m [34m_schemaShape[39m(schema[33m,[39m path)[33m;[39m
    [90m  6| [39m    [35mif[39m ([33m![39moutput)
    [90m  7| [39m        throw new SchemaError('No shape could be created for schema.',…
    [90m   | [39m              [31m^[39m
    [90m  8| [39m    [35mreturn[39m output[33m;[39m
    [90m  9| [39m}
[90m [2m❯[22m createAdapter node_modules/sveltekit-superforms/dist/adapters/adapters.js:[2m38:27[22m[39m
[90m [2m❯[22m _zod node_modules/sveltekit-superforms/dist/adapters/zod.js:[2m29:25[22m[39m
[90m [2m❯[22m memoized node_modules/memoize-weak/lib/memoize.js:[2m79:20[22m[39m
[90m [2m❯[22m CIDH src/lib/components/forms/body/CIDH.svelte:[2m25:10[22m[39m

[31m[2m⎯⎯⎯⎯⎯⎯⎯⎯⎯⎯⎯⎯⎯⎯⎯⎯⎯⎯⎯⎯⎯⎯⎯⎯[3/3]⎯[22m[39m


[2m Test Files [22m [1m[31m1 failed[39m[22m[90m (1)[39m
[2m      Tests [22m [1m[31m3 failed[39m[22m[90m (3)[39m
[2m   Start at [22m 21:49:04
[2m   Duration [22m 1.37s[2m (transform 448ms, setup 51ms, import 846ms, tests 51ms, environment 328ms)[22m

